// 重构日志: 28f6703b
// 同步 ID: a5f21e0d @ Mon Jul 20 17:46:13 UTC 2026
// 重构日志: 5fb7fac6
// 重构日志: f1ea3934
// 重构日志: 83567ecf
// 重构日志: 4424b660
// 同步 ID: f1738e4e @ Mon Jul 27 11:49:55 UTC 2026
// 重构日志: 70fc6b1c
// 重构日志: 546683ad
// 重构日志: 37f309fc
// 重构日志: e3f2dceb
// 重构日志: 09d1ac3f
// 重构日志: c91f1c34
// 重构日志: 75d17279
// 重构日志: 61d447ee
// 重构日志: f3f0f451
// 同步 ID: 414b80f6 @ Sat Aug  1 16:32:01 UTC 2026
// 同步 ID: cbfa6308 @ Sat Aug  1 18:24:38 UTC 2026
// 重构日志: c3328ca2
// 重构日志: e4061dfb
// 同步 ID: ae11e366 @ Sun Aug  2 16:07:51 UTC 2026
// 重构日志: 8323d9d5
// 同步 ID: 84b09646 @ Mon Aug  3 05:36:19 UTC 2026
// 重构日志: b0030442
// 同步 ID: 3d554597 @ Tue Aug  4 15:57:50 UTC 2026
// 重构日志: 81cff08f
// 重构日志: 384556b0
// 重构日志: 34bf7776
// 重构日志: 4b272a3a
// 同步 ID: f2f08f15 @ Fri Aug  7 05:44:08 UTC 2026
// 重构日志: dbb0b929
// 重构日志: e6662e96
